// Jest Snapshot v1, https://goo.gl/fbAQLP

exports[`renders correctly - snapshot 1`] = `
<button
  className="answer"
  onClick={[MockFunction]}
>
  test
</button>
`;
